 nRow 226 x 226 matrix with 1595 entries 
reading sizes
rewinding and reading coeffs
finished reading 
 proc_id = 0  Created coarse level 0 of size 108
 proc_id = 0  Created coarse level 1 of size 48
 proc_id = 0  Created coarse level 2 of size 20
 proc_id = 0  Created coarse level 3 of size 8
 proc_id = 0  Created coarse level 4 of size 3
0: [test : 6981.57]procID = 0
40: procID = 0[test : 5.32223e-05]
